
> adsfroy@0.1.0 worker
> tsx watch src/worker/index.ts

◇ injected env (5) from .env.local // tip: ◈ secrets for agents [www.dotenvx.com]
[worker] conectado a MongoDB, poll cada 5000ms
[worker] ejecutando tarea 6a61359104652d4d8e044591 (like · Alejandra Guzman)
[worker] ejecutando tarea 6a61359104652d4d8e044592 (like · Alejandra Martinez)
[worker] ejecutando tarea 6a61359104652d4d8e044593 (like · Brenda Dominguez)
[worker] ejecutando tarea 6a61359104652d4d8e044594 (like · Cristina Fierro Romero / 25)
[worker] ejecutando tarea 6a61359104652d4d8e044595 (like · Denisse Almada Bernal)
3:39:14 p.m. [tsx] change in ./src\lib\models\Task.ts Restarting...
◇ injected env (5) from .env.local // tip: ◈ secrets for agents [www.dotenvx.com]
[worker] conectado a MongoDB, poll cada 5000ms
[worker] ejecutando tarea 6a614b424343bb401851f073 (like · Adriana Rozo)
[worker] ejecutando tarea 6a614b424343bb401851f075 (like · Alejandra Martinez)
4:01:34 p.m. [tsx] change in ./src\lib\models\Task.ts Restarting...
◇ injected env (5) from .env.local // tip: ⌘ enable debugging { debug: true }
[worker] conectado a MongoDB, poll cada 5000ms
[worker] ejecutando tarea 6a614ce14343bb401851f850 (like · Alejandra Guzman)
[worker] ejecutando tarea 6a614ce14343bb401851f852 (like · Brenda Dominguez)
[worker] ejecutando tarea 6a614ce14343bb401851f853 (like · Cristina Fierro Romero / 25)
4:09:42 p.m. [tsx] change in ./src\lib\automation\runner.ts Restarting...
◇ injected env (5) from .env.local // tip: ⌘ custom filepath { path: '/custom/path/.env' }
[worker] conectado a MongoDB, poll cada 5000ms
[worker] ejecutando tarea 6a614ce14343bb401851f853 (like · Cristina Fierro Romero / 25)
[worker] ejecutando tarea 6a614ce14343bb401851f856 (like · Francisco Javier)
4:12:40 p.m. [tsx] change in ./src\lib\automation\runner.ts Restarting...
◇ injected env (5) from .env.local // tip: ⌘ enable debugging { debug: true }
[worker] conectado a MongoDB, poll cada 5000ms
[worker] ejecutando tarea 6a614ce14343bb401851f856 (like · Francisco Javier)
[worker] ejecutando tarea 6a614ce14343bb401851f85a (like · Karina Mendivil Ortega / 28)
[worker] ejecutando tarea 6a614ce14343bb401851f85d (like · Karla Zazueta)
[worker] ejecutando tarea 6a614ce14343bb401851f861 (like · Natalia Avila)
[worker] ejecutando tarea 6a614ce14343bb401851f864 (like · Ruben Mendivil Sanchez)
[worker] ejecutando tarea 6a614ce14343bb401851f867 (like · Veronica Cabrera)
[worker] ejecutando tarea 6a614ce14343bb401851f868 (like · Veronica Cabrera)
[worker] ejecutando tarea 6a6153164343bb401852053e (comment · Adriana Rozo)
[worker] ejecutando tarea 6a6153164343bb401852053f (comment · Alejandra Guzman)
[worker] ejecutando tarea 6a6153164343bb4018520540 (comment · Alejandra Martinez)
[worker] ejecutando tarea 6a6153164343bb4018520541 (comment · Antonio Ramirez)
[worker] ejecutando tarea 6a6153164343bb4018520542 (comment · Brenda Dominguez)
[worker] ejecutando tarea 6a6153164343bb4018520545 (comment · Ernesto Elenes Gamez)
[worker] ejecutando tarea 6a6153164343bb4018520546 (comment · Francisco Javier)
[worker] ejecutando tarea 6a6153164343bb4018520549 (comment · Kara Murillo / 30)
[worker] ejecutando tarea 6a6153164343bb401852054c (comment · Karla Fuentes)
[worker] ejecutando tarea 6a6153164343bb401852054d (comment · Karla Zazueta)
[worker] ejecutando tarea 6a6153164343bb401852054e (comment · Manuel Herrera)
[worker] ejecutando tarea 6a6153164343bb4018520550 (comment · Miguel Cardenas)
[worker] ejecutando tarea 6a6153164343bb4018520551 (comment · Natalia Avila)
[worker] ejecutando tarea 6a6153164343bb4018520553 (comment · Roberto Fuentes)
[worker] ejecutando tarea 6a6153164343bb4018520554 (comment · Ruben Mendivil Sanchez)
[worker] ejecutando tarea 6a6153164343bb4018520555 (comment · Sergio Bojorquez Salazar)
11:24:21 a.m. [tsx] change in ./src\lib\automation\runner.ts Rerunning...
◇ injected env (5) from .env.local // tip: ⌘ multiple files { path: ['.env.local', '.env'] }
[worker] conectado a MongoDB, poll cada 5000ms
11:24:59 a.m. [tsx] change in ./src\lib\automation\runner.ts Restarting...
◇ injected env (5) from .env.local // tip: ⌘ suppress logs { quiet: true }
[worker] conectado a MongoDB, poll cada 5000ms
11:25:03 a.m. [tsx] change in ./src\lib\automation\runner.ts Restarting...
◇ injected env (5) from .env.local // tip: ⌘ suppress logs { quiet: true }
[worker] conectado a MongoDB, poll cada 5000ms
11:25:23 a.m. [tsx] change in ./src\lib\automation\runner.ts Restarting...
◇ injected env (5) from .env.local // tip: ⌘ enable debugging { debug: true }
[worker] conectado a MongoDB, poll cada 5000ms
11:25:28 a.m. [tsx] change in ./src\lib\automation\runner.ts Restarting...
◇ injected env (5) from .env.local // tip: ⌁ auth for agents [www.vestauth.com]
[worker] conectado a MongoDB, poll cada 5000ms
11:25:47 a.m. [tsx] change in ./src\lib\automation\runner.ts Restarting...
◇ injected env (5) from .env.local // tip: ⌘ multiple files { path: ['.env.local', '.env'] }
[worker] conectado a MongoDB, poll cada 5000ms
11:25:56 a.m. [tsx] change in ./src\lib\automation\runner.ts Restarting...
◇ injected env (5) from .env.local // tip: ⌘ custom filepath { path: '/custom/path/.env' }
[worker] conectado a MongoDB, poll cada 5000ms
11:26:03 a.m. [tsx] change in ./src\lib\automation\runner.ts Restarting...
◇ injected env (5) from .env.local // tip: ◈ secrets for agents [www.dotenvx.com]
[worker] conectado a MongoDB, poll cada 5000ms
[worker] ejecutando tarea 6a625e9c77f99f1a97516e04 (comment · Omar Leyva Soto)
11:42:29 a.m. [tsx] change in ./src\lib\automation\runner.ts Restarting...
◇ injected env (5) from .env.local // tip: ⌘ enable debugging { debug: true }
[worker] conectado a MongoDB, poll cada 5000ms
11:42:42 a.m. [tsx] change in ./src\lib\automation\runner.ts Restarting...
◇ injected env (5) from .env.local // tip: ⌘ enable debugging { debug: true }
[worker] conectado a MongoDB, poll cada 5000ms
3:50:32 p.m. [tsx] change in ./src\lib\adspower\client.ts Restarting...
3:50:49 p.m. [tsx] change in ./src\lib\adspower\client.ts Rerunning...
3:51:01 p.m. [tsx] change in ./src\lib\adspower\client.ts Rerunning...
◇ injected env (5) from .env.local // tip: ◈ encrypted .env [www.dotenvx.com]
[worker] conectado a MongoDB, poll cada 5000ms
3:51:04 p.m. [tsx] change in ./src\lib\adspower\client.ts Restarting...
◇ injected env (5) from .env.local // tip: ⌘ override existing { override: true }
[worker] conectado a MongoDB, poll cada 5000ms
[worker] ejecutando tarea 6a62e8e977f99f1a975181c9 (comment · Alberto Cortes Navarro)
[worker] ejecutando tarea 6a62e8e977f99f1a975181cb (comment · Alejandra Martinez)
[worker] ejecutando tarea 6a62e8e977f99f1a975181d7 (comment · Doris Marina)
[worker] ejecutando tarea 6a62e8e977f99f1a975181d6 (comment · Diego Andres)
[worker] ejecutando tarea 6a62e8e977f99f1a975181db (comment · Fernanda Bojorquez)
[worker] ejecutando tarea 6a62f19277f99f1a975187ff (comment · Itzel Ponce / 37)
[worker] ejecutando tarea 6a62f19277f99f1a97518801 (comment · Javier Ponce Alvarez)
[worker] ejecutando tarea 6a62f19277f99f1a97518805 (comment · Jose Manuel Castro)
[worker] ejecutando tarea 6a62f19277f99f1a97518806 (comment · Juan Esteban Rojas)
[worker] ejecutando tarea 6a62f19277f99f1a97518809 (comment · Laura Armenta)
[worker] ejecutando tarea 6a62f19277f99f1a9751880b (comment · Miguel Cardenas)
[worker] ejecutando tarea 6a62f19277f99f1a97518810 (comment · Omar Leyva Soto)
[worker] ejecutando tarea 6a62f19277f99f1a97518814 (comment · Raul Castillo Vega)
[worker] ejecutando tarea 6a62f19277f99f1a97518816 (comment · Roberto Fuentes)
[worker] ejecutando tarea 6a62f19277f99f1a97518819 (comment · Ruben Campos Aguilar)
[worker] ejecutando tarea 6a62f19277f99f1a9751881f (comment · Sofia Ortega Silva)
[worker] ejecutando tarea 6a62f19277f99f1a97518820 (comment · Teresa Herrera Rios)
[worker] ejecutando tarea 6a62f19277f99f1a97518821 (comment · Veronica Cabrera)
[worker] ejecutando tarea 6a62f19277f99f1a97518823 (comment · Veronica Lucia Herrera)
[worker] ejecutando tarea 6a62f19277f99f1a9751881b (comment · Ruben Mendivil Sanchez)
[worker] ejecutando tarea 6a62f19277f99f1a9751881c (comment · Santiago Paredes León)
[worker] ejecutando tarea 6a62f19277f99f1a9751881c (comment · Santiago Paredes León)
[worker] ejecutando tarea 6a62f19277f99f1a97518813 (comment · Ramon Leyva)
[worker] ejecutando tarea 6a62f19277f99f1a9751880e (comment · Natalia Avila)
[worker] ejecutando tarea 6a6301d177f99f1a97518d01 (like · Antonella Ponce / 37)
[worker] ejecutando tarea 6a6301d177f99f1a97518d02 (like · Antonio Ramirez)
11:15:33 p.m. [tsx] change in ./src\lib\automation\runner.ts Restarting...
◇ injected env (5) from .env.local // tip: ◈ encrypted .env [www.dotenvx.com]
[worker] conectado a MongoDB, poll cada 5000ms
[worker] ejecutando tarea 6a6301d177f99f1a97518d06 (like · Carlos Montano Vega)
[worker] ejecutando tarea 6a6301d177f99f1a97518d08 (like · Cristina Fierro Romero / 25)
[worker] ejecutando tarea 6a6301d177f99f1a97518cfd (like · Adriana Rozo)
[worker] ejecutando tarea 6a6301d177f99f1a97518d00 (like · Alejandra Martinez)
[worker] ejecutando tarea 6a62f19277f99f1a97518820 (comment · Teresa Herrera Rios)
11:27:10 p.m. [tsx] change in ./src\lib\models\Task.ts Restarting...
◇ injected env (5) from .env.local // tip: ⌁ auth for agents [www.vestauth.com]
[worker] conectado a MongoDB, poll cada 5000ms
[worker] ejecutando tarea 6a6301d177f99f1a97518d10 (like · Fernanda Suarez)
[worker] ejecutando tarea 6a62f19277f99f1a9751881c (comment · Santiago Paredes León)
[worker] ejecutando tarea 6a6301d177f99f1a97518d12 (like · Francisco Javier)
[worker] ejecutando tarea 6a6301d177f99f1a97518d0f (like · Fernanda Bojorquez)
[worker] ejecutando tarea 6a6301d177f99f1a97518d10 (like · Fernanda Suarez)
[worker] ejecutando tarea 6a6301d177f99f1a97518d15 (like · Itzel Ponce / 37)
[worker] ejecutando tarea 6a6301d177f99f1a97518d16 (like · Ivan Espinoza Cardenas)
[worker] ejecutando tarea 6a6301d177f99f1a97518d18 (like · Jorge Armenta)
[worker] ejecutando tarea 6a6301d177f99f1a97518d19 (like · Jose Manuel Castro)
[worker] ejecutando tarea 6a6301d177f99f1a97518d1a (like · Juan Esteban Rojas)
[worker] ejecutando tarea 6a6301d177f99f1a97518d1d (like · Kara Murillo / 30)
[worker] ejecutando tarea 6a6301d177f99f1a97518d1e (like · Karen Andrea)
[worker] ejecutando tarea 6a6301d177f99f1a97518d21 (like · Karla Fuentes)
[worker] ejecutando tarea 6a6301d177f99f1a97518d25 (like · Manuel Herrera)
[worker] ejecutando tarea 6a6301d177f99f1a97518d26 (like · Manuela Sofia)
[worker] ejecutando tarea 6a6301d177f99f1a97518d28 (like · Mariana Cardenas Ibarra)
[worker] ejecutando tarea 6a6301d177f99f1a97518d2a (like · Mayra Elenes Valdez)
[worker] ejecutando tarea 6a6301d177f99f1a97518d2c (like · Monica A. Hurado)
[worker] ejecutando tarea 6a6301d177f99f1a97518d2e (like · Nicolas Mateo)
[worker] ejecutando tarea 6a6301d177f99f1a97518d34 (like · Roberto Fuentes)
[worker] ejecutando tarea 6a6301d177f99f1a97518d40 (like · Ximena Arce Sanchez)
[worker] ejecutando tarea 6a6301d177f99f1a97518d38 (like · Ruben Mendivil)
[worker] ejecutando tarea 6a6301d177f99f1a97518d2c (like · Monica A. Hurado)
[worker] ejecutando tarea 6a6301d177f99f1a97518d2c (like · Monica A. Hurado)
[worker] ejecutando tarea 6a6301d177f99f1a97518d3d (like · Teresa Herrera Rios)
[worker] ejecutando tarea 6a6301d177f99f1a97518d3d (like · Teresa Herrera Rios)
[worker] ejecutando tarea 6a632a0d77f99f1a975191ce (like · Adriana Rozo)
[worker] ejecutando tarea 6a632a0d77f99f1a975191cf (like · Alberto Cortes Navarro)
[worker] ejecutando tarea 6a632a0d77f99f1a975191d3 (like · Antonio Ramirez)
[worker] ejecutando tarea 6a632a0d77f99f1a975191d5 (like · Astrid Elena Ladino)
[worker] ejecutando tarea 6a632a0d77f99f1a975191d9 (like · Cristina Fierro Romero / 25)
[worker] ejecutando tarea 6a632a0d77f99f1a975191dc (like · Doris Marina)
[worker] ejecutando tarea 6a632a0d77f99f1a975191e8 (like · Jorge Armenta)
[worker] ejecutando tarea 6a632a0d77f99f1a975191e9 (like · Jose Manuel Castro)
[worker] ejecutando tarea 6a632a0d77f99f1a975191ea (like · Juan Esteban Rojas)
[worker] ejecutando tarea 6a632a0d77f99f1a975191f0 (like · Karla Fuentes)
[worker] ejecutando tarea 6a632a0d77f99f1a975191f9 (like · Mariana Lopez)
[worker] ejecutando tarea 6a632a0d77f99f1a975191fa (like · Mayra Elenes Valdez)
[worker] ejecutando tarea 6a632a0d77f99f1a975191ee (like · Karen Andrea)
[worker] ejecutando tarea 6a632a0d77f99f1a975191ee (like · Karen Andrea)
[worker] ejecutando tarea 6a632a0d77f99f1a97519205 (like · Robinson Enrique Zapata)
[worker] ejecutando tarea 6a632a0d77f99f1a97519208 (like · Ruben Mendivil)
[worker] ejecutando tarea 6a632a0d77f99f1a975191d9 (like · Cristina Fierro Romero / 25)
[worker] ejecutando tarea 6a632a0d77f99f1a9751920c (like · Sofia Ortega Silva)
[worker] ejecutando tarea 6a6301d177f99f1a97518d3c (like · Sofia Ortega Silva)
[worker] ejecutando tarea 6a632a0d77f99f1a9751920e (like · Veronica Sosa)
[worker] ejecutando tarea 6a632a0d77f99f1a975191f8 (like · Mariana Cardenas Ibarra)
[worker] ejecutando tarea 6a632a0d77f99f1a97519210 (like · Yolanda Guerrero / 25)
[worker] ejecutando tarea 6a632a0d77f99f1a97519210 (like · Yolanda Guerrero / 25)
[worker] ejecutando tarea 6a632a0d77f99f1a97519210 (like · Yolanda Guerrero / 25)
[worker] ejecutando tarea 6a632a0d77f99f1a9751920f (like · Ximena Arce Sanchez)
