
> adsfroy@0.1.0 worker
> tsx watch src/worker/index.ts

◇ injected env (5) from .env.local // tip: ⌘ custom filepath { path: '/custom/path/.env' }
[worker] conectado a MongoDB, poll cada 5000ms
[worker] ejecutando tarea 6a62573977f99f1a97515b5c (comment · Alejandra Guzman)
[worker] ejecutando tarea 6a625b5477f99f1a97515ea7 (like · Brenda Dominguez)
[worker] ejecutando tarea 6a625c4977f99f1a97516653 (like · Manuel Herrera)
11:24:21 a.m. [tsx] change in ./src\lib\automation\runner.ts Restarting...
◇ injected env (5) from .env.local // tip: ⌘ multiple files { path: ['.env.local', '.env'] }
[worker] conectado a MongoDB, poll cada 5000ms
11:24:59 a.m. [tsx] change in ./src\lib\automation\runner.ts Restarting...
◇ injected env (5) from .env.local // tip: ⌘ enable debugging { debug: true }
[worker] conectado a MongoDB, poll cada 5000ms
11:25:03 a.m. [tsx] change in ./src\lib\automation\runner.ts Restarting...
◇ injected env (5) from .env.local // tip: ⌁ auth for agents [www.vestauth.com]
[worker] conectado a MongoDB, poll cada 5000ms
11:25:23 a.m. [tsx] change in ./src\lib\automation\runner.ts Restarting...
◇ injected env (5) from .env.local // tip: ⌘ custom filepath { path: '/custom/path/.env' }
[worker] conectado a MongoDB, poll cada 5000ms
11:25:28 a.m. [tsx] change in ./src\lib\automation\runner.ts Restarting...
◇ injected env (5) from .env.local // tip: ⌘ custom filepath { path: '/custom/path/.env' }
[worker] conectado a MongoDB, poll cada 5000ms
11:25:47 a.m. [tsx] change in ./src\lib\automation\runner.ts Restarting...
◇ injected env (5) from .env.local // tip: ⌘ suppress logs { quiet: true }
[worker] conectado a MongoDB, poll cada 5000ms
11:25:56 a.m. [tsx] change in ./src\lib\automation\runner.ts Restarting...
◇ injected env (5) from .env.local // tip: ⌘ multiple files { path: ['.env.local', '.env'] }
[worker] conectado a MongoDB, poll cada 5000ms
11:26:03 a.m. [tsx] change in ./src\lib\automation\runner.ts Restarting...
◇ injected env (5) from .env.local // tip: ◈ secrets for agents [www.dotenvx.com]
[worker] conectado a MongoDB, poll cada 5000ms
[worker] ejecutando tarea 6a625e9c77f99f1a97516e05 (comment · Sergio Bojorquez Salazar)
11:42:29 a.m. [tsx] change in ./src\lib\automation\runner.ts Restarting...
◇ injected env (5) from .env.local // tip: ◈ encrypted .env [www.dotenvx.com]
[worker] conectado a MongoDB, poll cada 5000ms
11:42:42 a.m. [tsx] change in ./src\lib\automation\runner.ts Restarting...
◇ injected env (5) from .env.local // tip: ⌁ auth for agents [www.vestauth.com]
[worker] conectado a MongoDB, poll cada 5000ms
3:50:32 p.m. [tsx] change in ./src\lib\adspower\client.ts Restarting...
3:50:49 p.m. [tsx] change in ./src\lib\adspower\client.ts Rerunning...
3:51:01 p.m. [tsx] change in ./src\lib\adspower\client.ts Rerunning...
◇ injected env (5) from .env.local // tip: ⌘ suppress logs { quiet: true }
[worker] conectado a MongoDB, poll cada 5000ms
3:51:04 p.m. [tsx] change in ./src\lib\adspower\client.ts Restarting...
◇ injected env (5) from .env.local // tip: ◈ secrets for agents [www.dotenvx.com]
[worker] conectado a MongoDB, poll cada 5000ms
[worker] ejecutando tarea 6a62e8e977f99f1a975181cb (comment · Alejandra Martinez)
[worker] ejecutando tarea 6a62e8e977f99f1a975181d2 (comment · Carlos Montano Vega)
[worker] ejecutando tarea 6a62e8e977f99f1a975181d3 (comment · Cesar Valdez Nunez)
[worker] ejecutando tarea 6a62e8e977f99f1a975181d5 (comment · Denisse Almada Bernal)
[worker] ejecutando tarea 6a62e8e977f99f1a975181d6 (comment · Diego Andres)
[worker] ejecutando tarea 6a62e8e977f99f1a975181d8 (comment · Eduardo Camacho / 55)
[worker] ejecutando tarea 6a62f19277f99f1a97518800 (comment · Ivan Espinoza Cardenas)
[worker] ejecutando tarea 6a62f19277f99f1a97518802 (comment · Jorge Armenta)
[worker] ejecutando tarea 6a62f19277f99f1a97518804 (comment · Jose Hernandez)
[worker] ejecutando tarea 6a62f19277f99f1a9751880d (comment · Myriam Cecilia Marin)
[worker] ejecutando tarea 6a62f19277f99f1a9751880e (comment · Natalia Avila)
[worker] ejecutando tarea 6a62f19277f99f1a97518813 (comment · Ramon Leyva)
[worker] ejecutando tarea 6a62f19277f99f1a97518817 (comment · Robinson Enrique Zapata)
[worker] ejecutando tarea 6a62f19277f99f1a97518818 (comment · Rocio Velazquez)
[worker] ejecutando tarea 6a62f19277f99f1a9751881c (comment · Santiago Paredes León)
[worker] ejecutando tarea 6a62f19277f99f1a9751881e (comment · Sergio Dominguez)
[worker] ejecutando tarea 6a62f19277f99f1a97518822 (comment · Veronica Cabrera)
[worker] ejecutando tarea 6a62f19277f99f1a97518821 (comment · Veronica Cabrera)
[worker] ejecutando tarea 6a62f19277f99f1a97518821 (comment · Veronica Cabrera)
[worker] ejecutando tarea 6a62f19277f99f1a97518824 (comment · Veronica Sosa)
[worker] ejecutando tarea 6a62f19277f99f1a97518825 (comment · Ximena Arce Sanchez)
[worker] ejecutando tarea 6a62f19277f99f1a97518804 (comment · Jose Hernandez)
[worker] ejecutando tarea 6a6301d177f99f1a97518cfe (like · Alberto Cortes Navarro)
11:15:33 p.m. [tsx] change in ./src\lib\automation\runner.ts Restarting...
◇ injected env (5) from .env.local // tip: ⌘ override existing { override: true }
[worker] conectado a MongoDB, poll cada 5000ms
[worker] ejecutando tarea 6a6301d177f99f1a97518d04 (like · Astrid Elena Ladino)
[worker] ejecutando tarea 6a6301d177f99f1a97518d0c (like · Eduardo Camacho / 55)
[worker] ejecutando tarea 6a62f19277f99f1a97518820 (comment · Teresa Herrera Rios)
11:27:10 p.m. [tsx] change in ./src\lib\models\Task.ts Restarting...
◇ injected env (5) from .env.local // tip: ◈ secrets for agents [www.dotenvx.com]
[worker] conectado a MongoDB, poll cada 5000ms
[worker] ejecutando tarea 6a6301d177f99f1a97518cff (like · Alejandra Guzman)
[worker] ejecutando tarea 6a6301d177f99f1a97518d08 (like · Cristina Fierro Romero / 25)
[worker] ejecutando tarea 6a6301d177f99f1a97518d01 (like · Antonella Ponce / 37)
[worker] ejecutando tarea 6a6301d177f99f1a97518d17 (like · Javier Ponce Alvarez)
[worker] ejecutando tarea 6a6301d177f99f1a97518d1a (like · Juan Esteban Rojas)
[worker] ejecutando tarea 6a6301d177f99f1a97518d1b (like · Juan Manuel Pena)
[worker] ejecutando tarea 6a6301d177f99f1a97518d1c (like · Julian Eduardo V. / 30)
[worker] ejecutando tarea 6a6301d177f99f1a97518d1f (like · Karina Mendivil Ortega / 28)
[worker] ejecutando tarea 6a6301d177f99f1a97518d22 (like · Karla Zazueta)
[worker] ejecutando tarea 6a6301d177f99f1a97518d23 (like · Laura Armenta)
[worker] ejecutando tarea 6a6301d177f99f1a97518d24 (like · Luciana Martinez)
[worker] ejecutando tarea 6a6301d177f99f1a97518d29 (like · Mariana Lopez)
[worker] ejecutando tarea 6a6301d177f99f1a97518d2b (like · Miguel Cardenas)
[worker] ejecutando tarea 6a6301d177f99f1a97518d2d (like · Myriam Cecilia Marin)
[worker] ejecutando tarea 6a6301d177f99f1a97518d2f (like · Omar Leyva Soto)
[worker] ejecutando tarea 6a6301d177f99f1a97518d30 (like · Paola Gutierrez)
[worker] ejecutando tarea 6a6301d177f99f1a97518d32 (like · Raul Castillo Vega)
[worker] ejecutando tarea 6a6301d177f99f1a97518d33 (like · Ricardo Mendoza)
[worker] ejecutando tarea 6a6301d177f99f1a97518d35 (like · Robinson Enrique Zapata)
[worker] ejecutando tarea 6a6301d177f99f1a97518d36 (like · Rocio Velazquez)
[worker] ejecutando tarea 6a6301d177f99f1a97518d3a (like · Sergio Bojorquez Salazar)
[worker] ejecutando tarea 6a6301d177f99f1a97518d3c (like · Sofia Ortega Silva)
[worker] ejecutando tarea 6a6301d177f99f1a97518d3d (like · Teresa Herrera Rios)
